// Jest Snapshot v1, https://goo.gl/fbAQLP

exports[`Covid component test Testing covid page rendering 1`] = `null`;

exports[`CovidDetail component test Testing CovidDetail page rendering 1`] = `null`;
